// Jest Snapshot v1, https://goo.gl/fbAQLP

exports[`DragDropHeaderRenderer matches snapshot 1`] = `
<DragDropContext(TestContainer)>
  <TestContainer>
    <table>
      <thead>
        <tr>
          <DragDropHeaderRenderer
            col={0}
            header={
              Object {
                "id": "A",
                "title": "A",
              }
            }
            onHeaderDropped={[MockFunction]}
          >
            <DropTarget(DragSource(DragDropHeader))
              col={0}
              onHeaderDropped={[MockFunction]}
            >
              <DragSource(DragDropHeader)
                col={0}
                connectDropTarget={[Function]}
                isDropOver={false}
                onHeaderDropped={[MockFunction]}
              >
                <DragDropHeader
                  col={0}
                  connectDragPreview={[Function]}
                  connectDragSource={[Function]}
                  connectDropTarget={[Function]}
                  isDropOver={false}
                  onHeaderDropped={[MockFunction]}
                >
                  <th
                    className="cell read-only rdr-sheet-renderer__header-cell rdr-sheet-renderer__header-cell--drag-source "
                    title="A"
                  >
                    A
                  </th>
                </DragDropHeader>
              </DragSource(DragDropHeader)>
            </DropTarget(DragSource(DragDropHeader))>
          </DragDropHeaderRenderer>
          <DragDropHeaderRenderer
            col={1}
            header={
              Object {
                "id": "B",
                "title": "B",
              }
            }
            onHeaderDropped={[MockFunction]}
          >
            <DropTarget(DragSource(DragDropHeader))
              col={1}
              onHeaderDropped={[MockFunction]}
            >
              <DragSource(DragDropHeader)
                col={1}
                connectDropTarget={[Function]}
                isDropOver={false}
                onHeaderDropped={[MockFunction]}
              >
                <DragDropHeader
                  col={1}
                  connectDragPreview={[Function]}
                  connectDragSource={[Function]}
                  connectDropTarget={[Function]}
                  isDropOver={false}
                  onHeaderDropped={[MockFunction]}
                >
                  <th
                    className="cell read-only rdr-sheet-renderer__header-cell rdr-sheet-renderer__header-cell--drag-source "
                    title="B"
                  >
                    B
                  </th>
                </DragDropHeader>
              </DragSource(DragDropHeader)>
            </DropTarget(DragSource(DragDropHeader))>
          </DragDropHeaderRenderer>
        </tr>
      </thead>
    </table>
  </TestContainer>
</DragDropContext(TestContainer)>
`;
