// Jest Snapshot v1, https://goo.gl/fbAQLP

exports[`Row basic rendering Should render 1`] = `
<table>
  <tbody>
    <RowRenderer
      actionRenderer={[Function]}
      cells={
        Array [
          Object {
            "value": "cell",
          },
        ]
      }
      row={0}
    >
      <tr>
        <td
          className="cell read-only rdx-action-cell"
          key="$$actionCell"
        >
          <DefaultAction
            cells={
              Array [
                Object {
                  "value": "cell",
                },
              ]
            }
            row={0}
          />
        </td>
        <td
          className="cell"
        >
          cell
        </td>
      </tr>
    </RowRenderer>
  </tbody>
</table>
`;
