// Jest Snapshot v1, https://goo.gl/fbAQLP

exports[`Sheet basic rendering Matches the snapshot 1`] = `
<table
  className="foobar"
>
  <thead>
    <tr
      key="$headers"
    >
      <th
        className="cell read-only rdx-action-cell"
        key="$$actionCell"
      />
      <HeaderCell
        col={0}
        header={
          Object {
            "align": "left",
            "id": "A",
            "title": "Left",
            "width": 80,
          }
        }
        key="header-A"
        overflow="clip"
      >
        <HeaderTitle
          className=""
          col={0}
          header={
            Object {
              "align": "left",
              "id": "A",
              "title": "Left",
              "width": 80,
            }
          }
          key="A"
          overflow="clip"
        />
      </HeaderCell>
      <HeaderCell
        col={1}
        header={
          Object {
            "align": "right",
            "id": "B",
            "title": "Right",
          }
        }
        key="header-B"
        overflow="clip"
      >
        <HeaderTitle
          className=""
          col={1}
          header={
            Object {
              "align": "right",
              "id": "B",
              "title": "Right",
            }
          }
          key="B"
          overflow="clip"
        />
      </HeaderCell>
      <HeaderCell
        col={2}
        header={
          Object {
            "id": "C",
            "title": "Center",
          }
        }
        key="header-C"
        overflow="clip"
      >
        <HeaderTitle
          className=""
          col={2}
          header={
            Object {
              "id": "C",
              "title": "Center",
            }
          }
          key="C"
          overflow="clip"
        />
      </HeaderCell>
      <HeaderCell
        col={3}
        header={
          Object {
            "id": "D",
            "title": "Long Title that Might Overflow",
          }
        }
        key="header-D"
        overflow="clip"
      >
        <HeaderTitle
          className=""
          col={3}
          header={
            Object {
              "id": "D",
              "title": "Long Title that Might Overflow",
            }
          }
          key="D"
          overflow="clip"
        />
      </HeaderCell>
    </tr>
  </thead>
  <tbody>
    <tr>
      <td
        colSpan={4}
      >
        shallow
      </td>
    </tr>
  </tbody>
</table>
`;
